<html>
<body>
<pre>
<h1>µVision Build Log</h1>
<h2>Project:</h2>
C:\Users\Administrator\Documents\GitHub\double_fenbu\uCOSII2.91+UCGUI3.90A\MDK_Project\Project.uvproj
Project File Date:  11/29/2013

<h2>Output:</h2>
Build target 'Target 1'
compiling main.c...
..\User\main.c(1759): warning:  #177-D: variable "sine_A" was declared but never referenced
..\User\main.c(1760): warning:  #177-D: variable "sine_B" was declared but never referenced
..\User\main.c(1761): warning:  #177-D: variable "sine_C" was declared but never referenced
..\User\main.c(3014): warning:  #1035-D: single-precision operand implicitly converted to double-precision
..\User\main.c(3146): warning:  #1035-D: single-precision operand implicitly converted to double-precision
..\User\main.c(3288): warning:  #1035-D: single-precision operand implicitly converted to double-precision
..\User\main.c(3549): warning:  #1035-D: single-precision operand implicitly converted to double-precision
..\User\main.c(3681): warning:  #1035-D: single-precision operand implicitly converted to double-precision
..\User\main.c(3812): warning:  #1035-D: single-precision operand implicitly converted to double-precision
..\User\main.c(2730): warning:  #177-D: variable "s" was declared but never referenced
..\User\main.c(2731): warning:  #550-D: variable "status" was set but never used
..\User\main.c(2754): warning:  #550-D: variable "wugongkvar_95" was set but never used
..\User\main.c(5675): warning:  #177-D: variable "warning_flag" was declared but never referenced
..\User\main.c(708): warning:  #177-D: function "urgent_task" was declared but never referenced
linking...
Program Size: Code=49718 RO-data=26970 RW-data=388 ZI-data=49780  
FromELF: creating hex file...
".\Out\Project.axf" - 0 Error(s), 14 Warning(s).
Load "C:\\Users\\Administrator\\Documents\\GitHub\\double_fenbu\\uCOSII2.91+UCGUI3.90A\\MDK_Project\\Out\\Project.AXF" 
* JLink Info: Device "STM32F407VE" selected.
Set JLink Project File to "C:\Users\Administrator\Documents\GitHub\double_fenbu\uCOSII2.91+UCGUI3.90A\MDK_Project\JLinkSettings.ini"
 
JLink info:
------------
DLL: V4.96 , compiled Dec 22 2014 09:51:48
Firmware: J-Link ARM-OB STM32 compiled Aug 22 2012 19:52:04
Hardware: V7.00
S/N : 20160415 
Feature(s) : RDI,FlashDL,FlashBP,JFlash,GDBFull 
 
* JLink Info: STM32 (connect): Can not attach to CPU. Trying connect under reset.
Load "C:\\Users\\Administrator\\Documents\\GitHub\\double_fenbu\\uCOSII2.91+UCGUI3.90A\\MDK_Project\\Out\\Project.AXF" 
* JLink Info: Device "STM32F407VE" selected.
Set JLink Project File to "C:\Users\Administrator\Documents\GitHub\double_fenbu\uCOSII2.91+UCGUI3.90A\MDK_Project\JLinkSettings.ini"
 
JLink info:
------------
DLL: V4.96 , compiled Dec 22 2014 09:51:48
Firmware: J-Link ARM-OB STM32 compiled Aug 22 2012 19:52:04
Hardware: V7.00
S/N : 20160415 
Feature(s) : RDI,FlashDL,FlashBP,JFlash,GDBFull 
 
* JLink Info: Found SWD-DP with ID 0x2BA01477
* JLink Info: Found SWD-DP with ID 0x2BA01477
* JLink Info: Found Cortex-M4 r0p1, Little endian.
* JLink Info: FPUnit: 6 code (BP) slots and 2 literal slots
* JLink Info: TPIU fitted.
* JLink Info: ETM fitted.
ROMTableAddr = 0xE00FF003
 
Target info:
------------
Device: STM32F407VE
VTarget = 3.300V
State of Pins: 
TCK: 0, TDI: 0, TDO: 1, TMS: 0, TRES: 1, TRST: 1
Hardware-Breakpoints: 6
Software-Breakpoints: 8192
Watchpoints:          4
JTAG speed: 2000 kHz
 
Erase Done.
Programming Done.
Verify OK.
Application running ...
